2026-07-29 17:38:49 [main] INFO  com.medistock.MediStockApplication - Starting MediStockApplication using Java 23.0.1 with PID 14672 (C:\medical_inventory\backend\target\classes started by anilu in C:\medical_inventory\backend)
2026-07-29 17:38:49 [main] DEBUG com.medistock.MediStockApplication - Running with Spring Boot v4.1.0, Spring v7.0.8
2026-07-29 17:38:49 [main] INFO  com.medistock.MediStockApplication - No active profile set, falling back to 1 default profile: "default"
2026-07-29 17:38:50 [main] INFO  o.s.d.r.c.RepositoryConfigurationDelegate - Bootstrapping Spring Data JPA repositories in DEFAULT mode.
2026-07-29 17:38:50 [main] INFO  o.s.d.r.c.RepositoryConfigurationDelegate - Finished Spring Data repository scanning in 103 ms. Found 10 JPA repository interfaces.
2026-07-29 17:38:51 [main] INFO  o.s.boot.tomcat.TomcatWebServer - Tomcat initialized with port 8080 (http)
2026-07-29 17:38:51 [main] INFO  o.a.catalina.core.StandardService - Starting service [Tomcat]
2026-07-29 17:38:51 [main] INFO  o.a.catalina.core.StandardEngine - Starting Servlet engine: [Apache Tomcat/11.0.22]
2026-07-29 17:38:51 [main] INFO  o.s.b.w.c.s.WebApplicationContextInitializer - Root WebApplicationContext: initialization completed in 2190 ms
2026-07-29 17:38:51 [main] INFO  org.hibernate.orm.jpa - HHH008540: Processing PersistenceUnitInfo [name: default]
2026-07-29 17:38:51 [main] INFO  org.hibernate.orm.core - HHH000001: Hibernate ORM core version 7.4.1.Final
2026-07-29 17:38:52 [main] INFO  o.s.o.j.p.SpringPersistenceUnitInfo - No LoadTimeWeaver setup: ignoring JPA class transformer
2026-07-29 17:38:52 [main] INFO  com.zaxxer.hikari.HikariDataSource - HikariPool-1 - Starting...
2026-07-29 17:38:52 [main] INFO  com.zaxxer.hikari.pool.HikariPool - HikariPool-1 - Added connection conn0: url=jdbc:h2:mem:medistock user=SA
2026-07-29 17:38:52 [main] INFO  com.zaxxer.hikari.HikariDataSource - HikariPool-1 - Start completed.
2026-07-29 17:38:52 [main] WARN  org.hibernate.orm.deprecation - HHH90000025: H2Dialect does not need to be specified explicitly using 'hibernate.dialect' (remove the property setting and it will be selected by default)
2026-07-29 17:38:52 [main] INFO  o.hibernate.orm.connections.pooling - HHH10001005: Database info:
	Database JDBC URL [jdbc:h2:mem:medistock]
	Database driver: H2 JDBC Driver
	Database dialect: H2Dialect
	Database version: 2.4.240
	Default catalog/schema: MEDISTOCK/PUBLIC
	Autocommit mode: undefined/unknown
	Isolation level: READ_COMMITTED [default READ_COMMITTED]
	JDBC fetch size: 100
	Pool: DataSourceConnectionProvider
	Minimum pool size: undefined/unknown
	Maximum pool size: undefined/unknown
2026-07-29 17:38:54 [main] INFO  org.hibernate.orm.core - HHH000489: No JTA platform available (set 'hibernate.transaction.jta.platform' to enable JTA platform integration)
2026-07-29 17:38:54 [main] DEBUG org.hibernate.SQL - 
    drop table if exists email_verification_tokens cascade 
2026-07-29 17:38:54 [main] DEBUG org.hibernate.SQL - 
    drop table if exists inventory cascade 
2026-07-29 17:38:54 [main] DEBUG org.hibernate.SQL - 
    drop table if exists medicines cascade 
2026-07-29 17:38:54 [main] DEBUG org.hibernate.SQL - 
    drop table if exists password_reset_tokens cascade 
2026-07-29 17:38:54 [main] DEBUG org.hibernate.SQL - 
    drop table if exists permissions cascade 
2026-07-29 17:38:54 [main] DEBUG org.hibernate.SQL - 
    drop table if exists refresh_tokens cascade 
2026-07-29 17:38:54 [main] DEBUG org.hibernate.SQL - 
    drop table if exists role_permissions cascade 
2026-07-29 17:38:54 [main] DEBUG org.hibernate.SQL - 
    drop table if exists roles cascade 
2026-07-29 17:38:54 [main] DEBUG org.hibernate.SQL - 
    drop table if exists stock_logs cascade 
2026-07-29 17:38:54 [main] DEBUG org.hibernate.SQL - 
    drop table if exists suppliers cascade 
2026-07-29 17:38:54 [main] DEBUG org.hibernate.SQL - 
    drop table if exists user_roles cascade 
2026-07-29 17:38:54 [main] DEBUG org.hibernate.SQL - 
    drop table if exists users cascade 
2026-07-29 17:38:54 [main] DEBUG org.hibernate.SQL - 
    create table email_verification_tokens (
        verified boolean,
        created_at timestamp(6),
        expiry_date timestamp(6) not null,
        id bigint generated by default as identity,
        updated_at timestamp(6),
        user_id bigint not null unique,
        verified_at timestamp(6),
        version bigint not null,
        token varchar(255) not null unique,
        primary key (id)
    )
2026-07-29 17:38:54 [main] DEBUG org.hibernate.SQL - 
    create table inventory (
        deleted boolean,
        expiry_date date,
        is_available boolean,
        manufacturing_date date,
        quantity integer not null,
        selling_price numeric(10,2),
        unit_cost numeric(10,2),
        created_at timestamp(6),
        deleted_at timestamp(6),
        id bigint generated by default as identity,
        medicine_id bigint not null,
        supplier_id bigint,
        updated_at timestamp(6),
        version bigint not null,
        shelf_number varchar(50),
        warehouse_section varchar(50),
        batch_number varchar(100),
        location varchar(100),
        created_by varchar(255),
        notes TEXT,
        updated_by varchar(255),
        primary key (id)
    )
2026-07-29 17:38:54 [main] DEBUG org.hibernate.SQL - 
    create table medicines (
        deleted boolean,
        is_active boolean,
        is_controlled_substance boolean,
        is_prescription_required boolean,
        max_stock_level integer,
        min_stock_level integer,
        reorder_level integer,
        created_at timestamp(6),
        deleted_at timestamp(6),
        id bigint generated by default as identity,
        updated_at timestamp(6),
        version bigint not null,
        schedule_number varchar(10),
        unit_of_measure varchar(20),
        dosage_form varchar(50),
        ndc_code varchar(50),
        strength varchar(50),
        barcode varchar(100),
        category varchar(100),
        generic_name varchar(200),
        manufacturer varchar(200),
        name varchar(200) not null,
        storage_conditions varchar(200),
        created_by varchar(255),
        description TEXT,
        notes TEXT,
        updated_by varchar(255),
        primary key (id)
    )
2026-07-29 17:38:54 [main] DEBUG org.hibernate.SQL - 
    create table password_reset_tokens (
        used boolean,
        created_at timestamp(6),
        expiry_date timestamp(6) not null,
        id bigint generated by default as identity,
        updated_at timestamp(6),
        used_at timestamp(6),
        user_id bigint not null unique,
        version bigint not null,
        token varchar(255) not null unique,
        primary key (id)
    )
2026-07-29 17:38:54 [main] DEBUG org.hibernate.SQL - 
    create table permissions (
        deleted boolean,
        created_at timestamp(6),
        deleted_at timestamp(6),
        id bigint generated by default as identity,
        updated_at timestamp(6),
        version bigint not null,
        category varchar(50),
        name varchar(100) not null unique,
        created_by varchar(255),
        description varchar(255),
        updated_by varchar(255),
        primary key (id)
    )
2026-07-29 17:38:54 [main] DEBUG org.hibernate.SQL - 
    create table refresh_tokens (
        revoked boolean,
        created_at timestamp(6),
        expiry_date timestamp(6) not null,
        id bigint generated by default as identity,
        revoked_at timestamp(6),
        updated_at timestamp(6),
        user_id bigint not null,
        version bigint not null,
        replaced_by_token varchar(255),
        token varchar(255) not null unique,
        primary key (id)
    )
2026-07-29 17:38:54 [main] DEBUG org.hibernate.SQL - 
    create table role_permissions (
        permission_id bigint not null,
        role_id bigint not null,
        primary key (permission_id, role_id)
    )
2026-07-29 17:38:54 [main] DEBUG org.hibernate.SQL - 
    create table roles (
        deleted boolean,
        created_at timestamp(6),
        deleted_at timestamp(6),
        id bigint generated by default as identity,
        updated_at timestamp(6),
        version bigint not null,
        name varchar(50) not null unique,
        created_by varchar(255),
        description varchar(255),
        updated_by varchar(255),
        primary key (id)
    )
2026-07-29 17:38:54 [main] DEBUG org.hibernate.SQL - 
    create table stock_logs (
        new_quantity integer,
        previous_quantity integer,
        quantity integer not null,
        created_at timestamp(6),
        id bigint generated by default as identity,
        inventory_id bigint,
        medicine_id bigint not null,
        performed_at timestamp(6),
        transaction_type varchar(20) not null,
        reference_type varchar(50),
        performed_by varchar(100),
        reference_number varchar(100),
        notes TEXT,
        reason varchar(255),
        primary key (id)
    )
2026-07-29 17:38:54 [main] DEBUG org.hibernate.SQL - 
    create table suppliers (
        deleted boolean,
        is_active boolean,
        rating numeric(3,2),
        created_at timestamp(6),
        deleted_at timestamp(6),
        id bigint generated by default as identity,
        updated_at timestamp(6),
        version bigint not null,
        phone_number varchar(20),
        postal_code varchar(20),
        tax_id varchar(50),
        city varchar(100),
        contact_person varchar(100),
        country varchar(100),
        email varchar(100),
        license_number varchar(100),
        state varchar(100),
        name varchar(200) not null,
        address varchar(500),
        created_by varchar(255),
        notes TEXT,
        updated_by varchar(255),
        primary key (id)
    )
2026-07-29 17:38:54 [main] DEBUG org.hibernate.SQL - 
    create table user_roles (
        role_id bigint not null,
        user_id bigint not null,
        primary key (role_id, user_id)
    )
2026-07-29 17:38:54 [main] DEBUG org.hibernate.SQL - 
    create table users (
        deleted boolean,
        email_verified boolean,
        is_account_non_expired boolean,
        is_account_non_locked boolean,
        is_credentials_non_expired boolean,
        is_enabled boolean,
        created_at timestamp(6),
        deleted_at timestamp(6),
        id bigint generated by default as identity,
        updated_at timestamp(6),
        version bigint not null,
        phone_number varchar(20),
        first_name varchar(50) not null,
        last_name varchar(50) not null,
        email varchar(100) not null unique,
        created_by varchar(255),
        oauth_provider varchar(255),
        oauth_provider_id varchar(255),
        password varchar(255) not null,
        profile_picture_url varchar(255),
        updated_by varchar(255),
        primary key (id)
    )
2026-07-29 17:38:54 [main] DEBUG org.hibernate.SQL - 
    alter table if exists email_verification_tokens 
       add constraint FKi1c4mmamlb8keqt74k4lrtwhc 
       foreign key (user_id) 
       references users
2026-07-29 17:38:54 [main] DEBUG org.hibernate.SQL - 
    alter table if exists inventory 
       add constraint FKmv2v2jhyx6h3sw1l36hjqps2i 
       foreign key (medicine_id) 
       references medicines
2026-07-29 17:38:54 [main] DEBUG org.hibernate.SQL - 
    alter table if exists inventory 
       add constraint FK1ticfk66udu8mbj1otebp2rgw 
       foreign key (supplier_id) 
       references suppliers
2026-07-29 17:38:54 [main] DEBUG org.hibernate.SQL - 
    alter table if exists password_reset_tokens 
       add constraint FKk3ndxg5xp6v7wd4gjyusp15gq 
       foreign key (user_id) 
       references users
2026-07-29 17:38:54 [main] DEBUG org.hibernate.SQL - 
    alter table if exists refresh_tokens 
       add constraint FK1lih5y2npsf8u5o3vhdb9y0os 
       foreign key (user_id) 
       references users
2026-07-29 17:38:54 [main] DEBUG org.hibernate.SQL - 
    alter table if exists role_permissions 
       add constraint FKegdk29eiy7mdtefy5c7eirr6e 
       foreign key (permission_id) 
       references permissions
2026-07-29 17:38:54 [main] DEBUG org.hibernate.SQL - 
    alter table if exists role_permissions 
       add constraint FKn5fotdgk8d1xvo8nav9uv3muc 
       foreign key (role_id) 
       references roles
2026-07-29 17:38:54 [main] DEBUG org.hibernate.SQL - 
    alter table if exists stock_logs 
       add constraint FK7an5ba7xvebvqh8l15yvpvqxq 
       foreign key (inventory_id) 
       references inventory
2026-07-29 17:38:54 [main] DEBUG org.hibernate.SQL - 
    alter table if exists stock_logs 
       add constraint FKfsguggfchvubatv5xeao9qxo5 
       foreign key (medicine_id) 
       references medicines
2026-07-29 17:38:54 [main] DEBUG org.hibernate.SQL - 
    alter table if exists user_roles 
       add constraint FKh8ciramu9cc9q3qcqiv4ue8a6 
       foreign key (role_id) 
       references roles
2026-07-29 17:38:54 [main] DEBUG org.hibernate.SQL - 
    alter table if exists user_roles 
       add constraint FKhfh9dx7w3ubf1co1vdev94g3f 
       foreign key (user_id) 
       references users
2026-07-29 17:38:54 [main] INFO  o.s.o.j.LocalContainerEntityManagerFactoryBean - Initialized JPA EntityManagerFactory for persistence unit 'default'
2026-07-29 17:38:54 [main] INFO  o.s.d.j.r.q.QueryEnhancerFactories - Hibernate is in classpath; If applicable, HQL parser will be used.
2026-07-29 17:38:55 [main] DEBUG c.m.security.JwtAuthenticationFilter - Filter 'jwtAuthenticationFilter' configured for use
2026-07-29 17:38:55 [main] INFO  o.s.s.c.a.a.c.InitializeAuthenticationProviderBeanManagerConfigurer$InitializeAuthenticationProviderManagerConfigurer - Global AuthenticationManager configured with AuthenticationProvider bean with name authenticationProvider
2026-07-29 17:38:55 [main] WARN  o.s.s.c.a.a.c.InitializeUserDetailsBeanManagerConfigurer$InitializeUserDetailsManagerConfigurer - Global AuthenticationManager configured with an AuthenticationProvider bean. UserDetailsService beans will not be used by Spring Security for automatically configuring username/password login. Consider removing the AuthenticationProvider bean. Alternatively, consider using the UserDetailsService in a manually instantiated DaoAuthenticationProvider. If the current configuration is intentional, to turn off this warning, increase the logging level of 'org.springframework.security.config.annotation.authentication.configuration.InitializeUserDetailsBeanManagerConfigurer' to ERROR
2026-07-29 17:38:57 [main] DEBUG o.s.s.web.DefaultSecurityFilterChain - Will secure any request with filters: DisableEncodeUrlFilter, WebAsyncManagerIntegrationFilter, SecurityContextHolderFilter, HeaderWriterFilter, CorsFilter, LogoutFilter, JwtAuthenticationFilter, RequestCacheAwareFilter, SecurityContextHolderAwareRequestFilter, AnonymousAuthenticationFilter, SessionManagementFilter, ExceptionTranslationFilter, AuthorizationFilter
2026-07-29 17:38:57 [main] INFO  o.s.boot.tomcat.TomcatWebServer - Tomcat started on port 8080 (http) with context path '/'
2026-07-29 17:38:57 [main] INFO  com.medistock.MediStockApplication - Started MediStockApplication in 8.881 seconds (process running for 9.423)
2026-07-29 17:50:05 [main] INFO  com.medistock.MediStockApplication - Starting MediStockApplication using Java 23.0.1 with PID 4688 (C:\medical_inventory\backend\target\classes started by anilu in C:\medical_inventory\backend)
2026-07-29 17:50:05 [main] DEBUG com.medistock.MediStockApplication - Running with Spring Boot v4.1.0, Spring v7.0.8
2026-07-29 17:50:05 [main] INFO  com.medistock.MediStockApplication - No active profile set, falling back to 1 default profile: "default"
2026-07-29 17:50:06 [main] INFO  o.s.d.r.c.RepositoryConfigurationDelegate - Bootstrapping Spring Data JPA repositories in DEFAULT mode.
2026-07-29 17:50:06 [main] INFO  o.s.d.r.c.RepositoryConfigurationDelegate - Finished Spring Data repository scanning in 87 ms. Found 10 JPA repository interfaces.
2026-07-29 17:50:07 [main] INFO  o.s.boot.tomcat.TomcatWebServer - Tomcat initialized with port 8080 (http)
2026-07-29 17:50:07 [main] INFO  o.a.catalina.core.StandardService - Starting service [Tomcat]
2026-07-29 17:50:07 [main] INFO  o.a.catalina.core.StandardEngine - Starting Servlet engine: [Apache Tomcat/11.0.22]
2026-07-29 17:50:07 [main] INFO  o.s.b.w.c.s.WebApplicationContextInitializer - Root WebApplicationContext: initialization completed in 2017 ms
2026-07-29 17:50:08 [main] INFO  org.hibernate.orm.jpa - HHH008540: Processing PersistenceUnitInfo [name: default]
2026-07-29 17:50:08 [main] INFO  org.hibernate.orm.core - HHH000001: Hibernate ORM core version 7.4.1.Final
2026-07-29 17:50:09 [main] INFO  o.s.o.j.p.SpringPersistenceUnitInfo - No LoadTimeWeaver setup: ignoring JPA class transformer
2026-07-29 17:50:09 [main] INFO  com.zaxxer.hikari.HikariDataSource - HikariPool-1 - Starting...
2026-07-29 17:50:10 [main] INFO  com.zaxxer.hikari.pool.HikariPool - HikariPool-1 - Added connection conn0: url=jdbc:h2:mem:medistock user=SA
2026-07-29 17:50:10 [main] INFO  com.zaxxer.hikari.HikariDataSource - HikariPool-1 - Start completed.
2026-07-29 17:50:10 [main] WARN  org.hibernate.orm.deprecation - HHH90000025: H2Dialect does not need to be specified explicitly using 'hibernate.dialect' (remove the property setting and it will be selected by default)
2026-07-29 17:50:10 [main] INFO  o.hibernate.orm.connections.pooling - HHH10001005: Database info:
	Database JDBC URL [jdbc:h2:mem:medistock]
	Database driver: H2 JDBC Driver
	Database dialect: H2Dialect
	Database version: 2.4.240
	Default catalog/schema: MEDISTOCK/PUBLIC
	Autocommit mode: undefined/unknown
	Isolation level: READ_COMMITTED [default READ_COMMITTED]
	JDBC fetch size: 100
	Pool: DataSourceConnectionProvider
	Minimum pool size: undefined/unknown
	Maximum pool size: undefined/unknown
2026-07-29 17:50:13 [main] INFO  org.hibernate.orm.core - HHH000489: No JTA platform available (set 'hibernate.transaction.jta.platform' to enable JTA platform integration)
2026-07-29 17:50:13 [main] DEBUG org.hibernate.SQL - 
    drop table if exists email_verification_tokens cascade 
2026-07-29 17:50:13 [main] DEBUG org.hibernate.SQL - 
    drop table if exists inventory cascade 
2026-07-29 17:50:13 [main] DEBUG org.hibernate.SQL - 
    drop table if exists medicines cascade 
2026-07-29 17:50:13 [main] DEBUG org.hibernate.SQL - 
    drop table if exists password_reset_tokens cascade 
2026-07-29 17:50:13 [main] DEBUG org.hibernate.SQL - 
    drop table if exists permissions cascade 
2026-07-29 17:50:13 [main] DEBUG org.hibernate.SQL - 
    drop table if exists refresh_tokens cascade 
2026-07-29 17:50:13 [main] DEBUG org.hibernate.SQL - 
    drop table if exists role_permissions cascade 
2026-07-29 17:50:13 [main] DEBUG org.hibernate.SQL - 
    drop table if exists roles cascade 
2026-07-29 17:50:13 [main] DEBUG org.hibernate.SQL - 
    drop table if exists stock_logs cascade 
2026-07-29 17:50:13 [main] DEBUG org.hibernate.SQL - 
    drop table if exists suppliers cascade 
2026-07-29 17:50:13 [main] DEBUG org.hibernate.SQL - 
    drop table if exists user_roles cascade 
2026-07-29 17:50:13 [main] DEBUG org.hibernate.SQL - 
    drop table if exists users cascade 
2026-07-29 17:50:13 [main] DEBUG org.hibernate.SQL - 
    create table email_verification_tokens (
        verified boolean,
        created_at timestamp(6),
        expiry_date timestamp(6) not null,
        id bigint generated by default as identity,
        updated_at timestamp(6),
        user_id bigint not null unique,
        verified_at timestamp(6),
        version bigint not null,
        token varchar(255) not null unique,
        primary key (id)
    )
2026-07-29 17:50:13 [main] DEBUG org.hibernate.SQL - 
    create table inventory (
        deleted boolean,
        expiry_date date,
        is_available boolean,
        manufacturing_date date,
        quantity integer not null,
        selling_price numeric(10,2),
        unit_cost numeric(10,2),
        created_at timestamp(6),
        deleted_at timestamp(6),
        id bigint generated by default as identity,
        medicine_id bigint not null,
        supplier_id bigint,
        updated_at timestamp(6),
        version bigint not null,
        shelf_number varchar(50),
        warehouse_section varchar(50),
        batch_number varchar(100),
        location varchar(100),
        created_by varchar(255),
        notes TEXT,
        updated_by varchar(255),
        primary key (id)
    )
2026-07-29 17:50:13 [main] DEBUG org.hibernate.SQL - 
    create table medicines (
        deleted boolean,
        is_active boolean,
        is_controlled_substance boolean,
        is_prescription_required boolean,
        max_stock_level integer,
        min_stock_level integer,
        reorder_level integer,
        created_at timestamp(6),
        deleted_at timestamp(6),
        id bigint generated by default as identity,
        updated_at timestamp(6),
        version bigint not null,
        schedule_number varchar(10),
        unit_of_measure varchar(20),
        dosage_form varchar(50),
        ndc_code varchar(50),
        strength varchar(50),
        barcode varchar(100),
        category varchar(100),
        generic_name varchar(200),
        manufacturer varchar(200),
        name varchar(200) not null,
        storage_conditions varchar(200),
        created_by varchar(255),
        description TEXT,
        notes TEXT,
        updated_by varchar(255),
        primary key (id)
    )
2026-07-29 17:50:13 [main] DEBUG org.hibernate.SQL - 
    create table password_reset_tokens (
        used boolean,
        created_at timestamp(6),
        expiry_date timestamp(6) not null,
        id bigint generated by default as identity,
        updated_at timestamp(6),
        used_at timestamp(6),
        user_id bigint not null unique,
        version bigint not null,
        token varchar(255) not null unique,
        primary key (id)
    )
2026-07-29 17:50:13 [main] DEBUG org.hibernate.SQL - 
    create table permissions (
        deleted boolean,
        created_at timestamp(6),
        deleted_at timestamp(6),
        id bigint generated by default as identity,
        updated_at timestamp(6),
        version bigint not null,
        category varchar(50),
        name varchar(100) not null unique,
        created_by varchar(255),
        description varchar(255),
        updated_by varchar(255),
        primary key (id)
    )
2026-07-29 17:50:13 [main] DEBUG org.hibernate.SQL - 
    create table refresh_tokens (
        revoked boolean,
        created_at timestamp(6),
        expiry_date timestamp(6) not null,
        id bigint generated by default as identity,
        revoked_at timestamp(6),
        updated_at timestamp(6),
        user_id bigint not null,
        version bigint not null,
        replaced_by_token varchar(255),
        token varchar(255) not null unique,
        primary key (id)
    )
2026-07-29 17:50:13 [main] DEBUG org.hibernate.SQL - 
    create table role_permissions (
        permission_id bigint not null,
        role_id bigint not null,
        primary key (permission_id, role_id)
    )
2026-07-29 17:50:13 [main] DEBUG org.hibernate.SQL - 
    create table roles (
        deleted boolean,
        created_at timestamp(6),
        deleted_at timestamp(6),
        id bigint generated by default as identity,
        updated_at timestamp(6),
        version bigint not null,
        name varchar(50) not null unique,
        created_by varchar(255),
        description varchar(255),
        updated_by varchar(255),
        primary key (id)
    )
2026-07-29 17:50:13 [main] DEBUG org.hibernate.SQL - 
    create table stock_logs (
        new_quantity integer,
        previous_quantity integer,
        quantity integer not null,
        created_at timestamp(6),
        id bigint generated by default as identity,
        inventory_id bigint,
        medicine_id bigint not null,
        performed_at timestamp(6),
        transaction_type varchar(20) not null,
        reference_type varchar(50),
        performed_by varchar(100),
        reference_number varchar(100),
        notes TEXT,
        reason varchar(255),
        primary key (id)
    )
2026-07-29 17:50:13 [main] DEBUG org.hibernate.SQL - 
    create table suppliers (
        deleted boolean,
        is_active boolean,
        rating numeric(3,2),
        created_at timestamp(6),
        deleted_at timestamp(6),
        id bigint generated by default as identity,
        updated_at timestamp(6),
        version bigint not null,
        phone_number varchar(20),
        postal_code varchar(20),
        tax_id varchar(50),
        city varchar(100),
        contact_person varchar(100),
        country varchar(100),
        email varchar(100),
        license_number varchar(100),
        state varchar(100),
        name varchar(200) not null,
        address varchar(500),
        created_by varchar(255),
        notes TEXT,
        updated_by varchar(255),
        primary key (id)
    )
2026-07-29 17:50:13 [main] DEBUG org.hibernate.SQL - 
    create table user_roles (
        role_id bigint not null,
        user_id bigint not null,
        primary key (role_id, user_id)
    )
2026-07-29 17:50:13 [main] DEBUG org.hibernate.SQL - 
    create table users (
        deleted boolean,
        email_verified boolean,
        is_account_non_expired boolean,
        is_account_non_locked boolean,
        is_credentials_non_expired boolean,
        is_enabled boolean,
        created_at timestamp(6),
        deleted_at timestamp(6),
        id bigint generated by default as identity,
        updated_at timestamp(6),
        version bigint not null,
        phone_number varchar(20),
        first_name varchar(50) not null,
        last_name varchar(50) not null,
        email varchar(100) not null unique,
        created_by varchar(255),
        oauth_provider varchar(255),
        oauth_provider_id varchar(255),
        password varchar(255) not null,
        profile_picture_url varchar(255),
        updated_by varchar(255),
        primary key (id)
    )
2026-07-29 17:50:13 [main] DEBUG org.hibernate.SQL - 
    alter table if exists email_verification_tokens 
       add constraint FKi1c4mmamlb8keqt74k4lrtwhc 
       foreign key (user_id) 
       references users
2026-07-29 17:50:13 [main] DEBUG org.hibernate.SQL - 
    alter table if exists inventory 
       add constraint FKmv2v2jhyx6h3sw1l36hjqps2i 
       foreign key (medicine_id) 
       references medicines
2026-07-29 17:50:13 [main] DEBUG org.hibernate.SQL - 
    alter table if exists inventory 
       add constraint FK1ticfk66udu8mbj1otebp2rgw 
       foreign key (supplier_id) 
       references suppliers
2026-07-29 17:50:13 [main] DEBUG org.hibernate.SQL - 
    alter table if exists password_reset_tokens 
       add constraint FKk3ndxg5xp6v7wd4gjyusp15gq 
       foreign key (user_id) 
       references users
2026-07-29 17:50:13 [main] DEBUG org.hibernate.SQL - 
    alter table if exists refresh_tokens 
       add constraint FK1lih5y2npsf8u5o3vhdb9y0os 
       foreign key (user_id) 
       references users
2026-07-29 17:50:13 [main] DEBUG org.hibernate.SQL - 
    alter table if exists role_permissions 
       add constraint FKegdk29eiy7mdtefy5c7eirr6e 
       foreign key (permission_id) 
       references permissions
2026-07-29 17:50:13 [main] DEBUG org.hibernate.SQL - 
    alter table if exists role_permissions 
       add constraint FKn5fotdgk8d1xvo8nav9uv3muc 
       foreign key (role_id) 
       references roles
2026-07-29 17:50:13 [main] DEBUG org.hibernate.SQL - 
    alter table if exists stock_logs 
       add constraint FK7an5ba7xvebvqh8l15yvpvqxq 
       foreign key (inventory_id) 
       references inventory
2026-07-29 17:50:13 [main] DEBUG org.hibernate.SQL - 
    alter table if exists stock_logs 
       add constraint FKfsguggfchvubatv5xeao9qxo5 
       foreign key (medicine_id) 
       references medicines
2026-07-29 17:50:13 [main] DEBUG org.hibernate.SQL - 
    alter table if exists user_roles 
       add constraint FKh8ciramu9cc9q3qcqiv4ue8a6 
       foreign key (role_id) 
       references roles
2026-07-29 17:50:13 [main] DEBUG org.hibernate.SQL - 
    alter table if exists user_roles 
       add constraint FKhfh9dx7w3ubf1co1vdev94g3f 
       foreign key (user_id) 
       references users
2026-07-29 17:50:13 [main] INFO  o.s.o.j.LocalContainerEntityManagerFactoryBean - Initialized JPA EntityManagerFactory for persistence unit 'default'
2026-07-29 17:50:13 [main] INFO  o.s.d.j.r.q.QueryEnhancerFactories - Hibernate is in classpath; If applicable, HQL parser will be used.
2026-07-29 17:50:14 [main] DEBUG c.m.security.JwtAuthenticationFilter - Filter 'jwtAuthenticationFilter' configured for use
2026-07-29 17:50:14 [main] INFO  o.s.s.c.a.a.c.InitializeAuthenticationProviderBeanManagerConfigurer$InitializeAuthenticationProviderManagerConfigurer - Global AuthenticationManager configured with AuthenticationProvider bean with name authenticationProvider
2026-07-29 17:50:14 [main] WARN  o.s.s.c.a.a.c.InitializeUserDetailsBeanManagerConfigurer$InitializeUserDetailsManagerConfigurer - Global AuthenticationManager configured with an AuthenticationProvider bean. UserDetailsService beans will not be used by Spring Security for automatically configuring username/password login. Consider removing the AuthenticationProvider bean. Alternatively, consider using the UserDetailsService in a manually instantiated DaoAuthenticationProvider. If the current configuration is intentional, to turn off this warning, increase the logging level of 'org.springframework.security.config.annotation.authentication.configuration.InitializeUserDetailsBeanManagerConfigurer' to ERROR
2026-07-29 17:50:16 [main] DEBUG o.s.s.web.DefaultSecurityFilterChain - Will secure any request with filters: DisableEncodeUrlFilter, WebAsyncManagerIntegrationFilter, SecurityContextHolderFilter, HeaderWriterFilter, CorsFilter, LogoutFilter, JwtAuthenticationFilter, RequestCacheAwareFilter, SecurityContextHolderAwareRequestFilter, AnonymousAuthenticationFilter, SessionManagementFilter, ExceptionTranslationFilter, AuthorizationFilter
2026-07-29 17:50:17 [main] INFO  o.s.boot.tomcat.TomcatWebServer - Tomcat started on port 8080 (http) with context path '/'
2026-07-29 17:50:17 [main] INFO  com.medistock.MediStockApplication - Started MediStockApplication in 12.226 seconds (process running for 12.751)
